// Jest Snapshot v1, https://goo.gl/fbAQLP

exports[`App should match snapshop 1`] = `
<div
  className="app"
>
  <Header />
  <GameShelf
    filteredGames={Array []}
    games={Array []}
    genres={Array []}
    genresToFilter={Array []}
    mainGenres={Array []}
    multiplayer={
      Array [
        null,
        true,
        false,
      ]
    }
    platforms={Array []}
    platformsToFilter={Array []}
    titleFilter=""
  />
  <Footer
    filteredGames={Array []}
    games={Array []}
    genres={Array []}
    genresToFilter={Array []}
    mainGenres={Array []}
    multiplayer={
      Array [
        null,
        true,
        false,
      ]
    }
    platforms={Array []}
    platformsToFilter={Array []}
    titleFilter=""
    updateState={[Function]}
  />
</div>
`;
